===============================================================================
[1;33mATTACK #13: Rootkit Indicator[0m
===============================================================================
Target: ec2-54-204-182-4.compute-1.amazonaws.com
Category: Rootkit

[0;32m[*] Attack started at: 2026-02-16T14:25:08+03:00[0m
[*] Dropping files and entries that mimic rootkit artifacts...

[*] Running attack via SSH...
[*] Creating suspicious hidden files and modules...
[+] Fake rootkit artifacts created
[*] Creating suspicious kernel module entry (fake)
ERROR: ld.so: object 'malicious' from /etc/ld.so.preload cannot be preloaded (cannot open shared object file): ignored.
ERROR: ld.so: object 'preload' from /etc/ld.so.preload cannot be preloaded (cannot open shared object file): ignored.
ERROR: ld.so: object 'malicious' from /etc/ld.so.preload cannot be preloaded (cannot open shared object file): ignored.
ERROR: ld.so: object 'preload' from /etc/ld.so.preload cannot be preloaded (cannot open shared object file): ignored.
tee: /proc/modules: Invalid argument
[*] Creating persistence via rc.local
ERROR: ld.so: object 'malicious' from /etc/ld.so.preload cannot be preloaded (cannot open shared object file): ignored.
ERROR: ld.so: object 'preload' from /etc/ld.so.preload cannot be preloaded (cannot open shared object file): ignored.
ERROR: ld.so: object 'malicious' from /etc/ld.so.preload cannot be preloaded (cannot open shared object file): ignored.
ERROR: ld.so: object 'preload' from /etc/ld.so.preload cannot be preloaded (cannot open shared object file): ignored.
ERROR: ld.so: object 'malicious' from /etc/ld.so.preload cannot be preloaded (cannot open shared object file): ignored.
ERROR: ld.so: object 'preload' from /etc/ld.so.preload cannot be preloaded (cannot open shared object file): ignored.
[*] Listing artifacts for verification
total 12
drwxr-xr-x  2 root root 4096 Feb 16 11:25 .
drwxrwxrwt 14 root root 4096 Feb 16 11:25 ..
-rw-r--r--  1 root root   16 Feb 16 11:25 .rkpayload
# malicious preload
# malicious preload
libcrc32c 12288 2 nf_tables,nf_conntrack, Live 0xffffffffc0503000
efi_pstore 12288 0 - Live 0xffffffffc04fd000
ip_tables 32768 0 - Live 0xffffffffc0506000
x_tables 65536 1 ip_tables, Live 0xffffffffc04e9000
autofs4 57344 2 - Live 0xffffffffc04d7000
ERROR: ld.so: object 'malicious' from /etc/ld.so.preload cannot be preloaded (cannot open shared object file): ignored.
ERROR: ld.so: object 'preload' from /etc/ld.so.preload cannot be preloaded (cannot open shared object file): ignored.
ERROR: ld.so: object 'malicious' from /etc/ld.so.preload cannot be preloaded (cannot open shared object file): ignored.
ERROR: ld.so: object 'preload' from /etc/ld.so.preload cannot be preloaded (cannot open shared object file): ignored.
ERROR: ld.so: object 'malicious' from /etc/ld.so.preload cannot be preloaded (cannot open shared object file): ignored.
ERROR: ld.so: object 'preload' from /etc/ld.so.preload cannot be preloaded (cannot open shared object file): ignored.

===============================================================================
[0;32m[✓] Attack completed[0m
===============================================================================
End Time: 2026-02-16T14:25:10+03:00
Duration: 2.734855152 seconds

Expected Wazuh alerts:
  - Rootkit detection triggers
  - FIM alerts on /etc/ld.so.preload and rc.local

Data for CSV:
  attack_id: 13
  attack_name: Rootkit Indicator
  category: Rootkit
  attack_start_time: 2026-02-16T14:25:08+03:00
  attack_end_time: 2026-02-16T14:25:10+03:00
