===============================================================================
[1;33mATTACK FP-1: Legitimate Failed SSH Login[0m
===============================================================================
Target: ec2-54-204-182-4.compute-1.amazonaws.com
Category: FalsePositive
Attempts: 6
Delay: 1s
Executor: admin over SSH → ec2-54-157-35-39.compute-1.amazonaws.com+

[0;32m[*] Benign login noise started at: 2026-02-16T14:26:19+03:00[0m
[*] Running from admin host via SSH: ec2-54-157-35-39.compute-1.amazonaws.com

===============================================================================
[0;32m[✓] Benign failed logins completed[0m
===============================================================================
End Time: 2026-02-16T14:26:29+03:00
Duration: 10.084697507 seconds

Expected Wazuh alerts: failed SSH authentication (benign user errors)
Mitigation guidance: verify recent successful login and user context; avoid lockout

Data for CSV:
  attack_id: FP-1
  attack_name: Legitimate Failed SSH Login
  category: FalsePositive
  attack_start_time: 2026-02-16T14:26:19+03:00
  attack_end_time: 2026-02-16T14:26:29+03:00
