===============================================================================
[1;33mATTACK #15: Cron Job Modification[0m
===============================================================================
Target: ec2-54-204-182-4.compute-1.amazonaws.com
Category: Persistence

[0;32m[*] Attack started at: 2026-01-10T20:09:53+03:00[0m
[*] Creating a malicious cron job...

[*] Running attack via SSH...
[*] Writing malicious cron entry to /etc/cron.d/system_update
*/2 * * * * root /bin/bash -c "echo cron-backdoor >> /tmp/cron_backdoor.log"
[*] Cleaning up cron entry after creation

===============================================================================
[0;32m[✓] Attack completed[0m
===============================================================================
End Time: 2026-01-10T20:10:02+03:00
Duration: 9 seconds

Expected Wazuh alerts:
  - Cron modification detection
  - FIM alerts on /etc/cron.d

Data for CSV:
  attack_id: 15
  attack_name: Cron Job Modification
  category: Persistence
  attack_start_time: 2026-01-10T20:09:53+03:00
  attack_end_time: 2026-01-10T20:10:02+03:00
